instrumented PTX in 0.8s; metered kernels: ['fuel_calibrate', 'ivf_pick_centroids', 'ivf_assign', 'ivf_count', 'ivf_scan', 'ivf_scatter', 'kmeans_update', 'ivf_gather']
loaded (250000, 96) in 0.1s
calibration: {'1': {'raw': 42, 'static_block_total': 21, 'raw_per_thread_over_static': 2.0}, '1024': {'raw': 43008, 'static_block_total': 21, 'raw_per_thread_over_static': 2.0}, '65536': {'raw': 2752512, 'static_block_total': 21, 'raw_per_thread_over_static': 2.0}}
build: n=250000 dims=96 n_lists=1024 n_train=125000 n_iters=20
          pick_centroids: raw       11,010,048  reported         550,502     0.000s
        kmeans_assign[0]: raw  127,072,250,000  reported   6,353,612,500     0.040s
           kmeans_csr[0]: raw       21,291,058  reported       1,064,552     0.000s
        kmeans_update[0]: raw      672,221,312  reported      33,611,065     0.000s
        kmeans_assign[1]: raw  127,072,250,000  reported   6,353,612,500     0.040s
           kmeans_csr[1]: raw       21,291,058  reported       1,064,552     0.000s
        kmeans_update[1]: raw      672,291,200  reported      33,614,560     0.000s
        kmeans_assign[2]: raw  127,072,250,000  reported   6,353,612,500     0.040s
           kmeans_csr[2]: raw       21,291,058  reported       1,064,552     0.000s
        kmeans_update[2]: raw      672,139,520  reported      33,606,976     0.000s
        kmeans_assign[3]: raw  127,072,250,000  reported   6,353,612,500     0.040s
           kmeans_csr[3]: raw       21,291,058  reported       1,064,552     0.000s
        kmeans_update[3]: raw      672,263,360  reported      33,613,168     0.000s
        kmeans_assign[4]: raw  127,072,250,000  reported   6,353,612,500     0.038s
           kmeans_csr[4]: raw       21,291,058  reported       1,064,552     0.000s
        kmeans_update[4]: raw      672,126,464  reported      33,606,323     0.000s
        kmeans_assign[5]: raw  127,072,250,000  reported   6,353,612,500     0.038s
           kmeans_csr[5]: raw       21,291,058  reported       1,064,552     0.000s
        kmeans_update[5]: raw      672,236,864  reported      33,611,843     0.000s
        kmeans_assign[6]: raw  127,072,250,000  reported   6,353,612,500     0.038s
           kmeans_csr[6]: raw       21,291,058  reported       1,064,552     0.000s
        kmeans_update[6]: raw      672,011,264  reported      33,600,563     0.000s
        kmeans_assign[7]: raw  127,072,250,000  reported   6,353,612,500     0.038s
           kmeans_csr[7]: raw       21,291,058  reported       1,064,552     0.000s
        kmeans_update[7]: raw      672,294,272  reported      33,614,713     0.000s
        kmeans_assign[8]: raw  127,072,250,000  reported   6,353,612,500     0.038s
           kmeans_csr[8]: raw       21,291,058  reported       1,064,552     0.000s
        kmeans_update[8]: raw      672,462,464  reported      33,623,123     0.000s
        kmeans_assign[9]: raw  127,072,250,000  reported   6,353,612,500     0.038s
           kmeans_csr[9]: raw       21,291,058  reported       1,064,552     0.000s
        kmeans_update[9]: raw      672,037,760  reported      33,601,888     0.000s
       kmeans_assign[10]: raw  127,072,250,000  reported   6,353,612,500     0.038s
          kmeans_csr[10]: raw       21,291,058  reported       1,064,552     0.000s
       kmeans_update[10]: raw      672,102,464  reported      33,605,123     0.000s
       kmeans_assign[11]: raw  127,072,250,000  reported   6,353,612,500     0.038s
          kmeans_csr[11]: raw       21,291,058  reported       1,064,552     0.000s
       kmeans_update[11]: raw      672,282,944  reported      33,614,147     0.000s
       kmeans_assign[12]: raw  127,072,250,000  reported   6,353,612,500     0.038s
          kmeans_csr[12]: raw       21,291,058  reported       1,064,552     0.000s
       kmeans_update[12]: raw      672,389,120  reported      33,619,456     0.000s
       kmeans_assign[13]: raw  127,072,250,000  reported   6,353,612,500     0.038s
          kmeans_csr[13]: raw       21,291,058  reported       1,064,552     0.000s
       kmeans_update[13]: raw      672,365,696  reported      33,618,284     0.000s
       kmeans_assign[14]: raw  127,072,250,000  reported   6,353,612,500     0.037s
          kmeans_csr[14]: raw       21,291,058  reported       1,064,552     0.000s
       kmeans_update[14]: raw      672,258,368  reported      33,612,918     0.000s
       kmeans_assign[15]: raw  127,072,250,000  reported   6,353,612,500     0.037s
          kmeans_csr[15]: raw       21,291,058  reported       1,064,552     0.000s
       kmeans_update[15]: raw      672,290,432  reported      33,614,521     0.000s
       kmeans_assign[16]: raw  127,072,250,000  reported   6,353,612,500     0.037s
          kmeans_csr[16]: raw       21,291,058  reported       1,064,552     0.000s
       kmeans_update[16]: raw      672,255,872  reported      33,612,793     0.000s
       kmeans_assign[17]: raw  127,072,250,000  reported   6,353,612,500     0.037s
          kmeans_csr[17]: raw       21,291,058  reported       1,064,552     0.000s
       kmeans_update[17]: raw      672,007,616  reported      33,600,380     0.000s
       kmeans_assign[18]: raw  127,072,250,000  reported   6,353,612,500     0.037s
          kmeans_csr[18]: raw       21,291,058  reported       1,064,552     0.000s
       kmeans_update[18]: raw      672,196,352  reported      33,609,817     0.000s
       kmeans_assign[19]: raw  127,072,250,000  reported   6,353,612,500     0.037s
          kmeans_csr[19]: raw       21,291,058  reported       1,064,552     0.000s
       kmeans_update[19]: raw      672,191,936  reported      33,609,596     0.000s
            final_assign: raw  254,144,500,000  reported  12,707,225,000     0.075s
               final_csr: raw       42,528,818  reported       2,126,440     0.000s
                  gather: raw    3,152,000,000  reported     157,600,000     0.070s
sanity: {'counts_sum': 250000, 'n': 250000, 'offsets_last': 250000, 'empty_lists': 0, 'max_list': 832, 'min_list': 54, 'assign_check_sample': 512, 'assign_check_mismatches': 0}
TOTAL reported fuel 140,633,264,239 in 0.94s (1.527e+11 reported fuel/s)
wrote docs/results/index-build-fuel/deep_n250000_nlist1024.json
