instrumented PTX in 0.8s; metered kernels: ['fuel_calibrate', 'ivf_pick_centroids', 'ivf_assign', 'ivf_count', 'ivf_scan', 'ivf_scatter', 'kmeans_update', 'ivf_gather']
loaded (500000, 128) in 0.0s
calibration: {'1': {'raw': 42, 'static_block_total': 21, 'raw_per_thread_over_static': 2.0}, '1024': {'raw': 43008, 'static_block_total': 21, 'raw_per_thread_over_static': 2.0}, '65536': {'raw': 2752512, 'static_block_total': 21, 'raw_per_thread_over_static': 2.0}}
build: n=500000 dims=128 n_lists=1024 n_train=250000 n_iters=20
          pick_centroids: raw       14,680,064  reported         734,003     0.000s
        kmeans_assign[0]: raw  336,400,500,000  reported  16,820,025,000     0.105s
           kmeans_csr[0]: raw       42,528,818  reported       2,126,440     0.000s
        kmeans_update[0]: raw    1,765,830,144  reported      88,291,507     0.001s
        kmeans_assign[1]: raw  336,400,500,000  reported  16,820,025,000     0.105s
           kmeans_csr[1]: raw       42,528,818  reported       2,126,440     0.000s
        kmeans_update[1]: raw    1,765,657,600  reported      88,282,880     0.001s
        kmeans_assign[2]: raw  336,400,500,000  reported  16,820,025,000     0.099s
           kmeans_csr[2]: raw       42,528,818  reported       2,126,440     0.000s
        kmeans_update[2]: raw    1,765,840,128  reported      88,292,006     0.001s
        kmeans_assign[3]: raw  336,400,500,000  reported  16,820,025,000     0.099s
           kmeans_csr[3]: raw       42,528,818  reported       2,126,440     0.000s
        kmeans_update[3]: raw    1,765,765,120  reported      88,288,256     0.001s
        kmeans_assign[4]: raw  336,400,500,000  reported  16,820,025,000     0.099s
           kmeans_csr[4]: raw       42,528,818  reported       2,126,440     0.000s
        kmeans_update[4]: raw    1,765,864,448  reported      88,293,222     0.001s
        kmeans_assign[5]: raw  336,400,500,000  reported  16,820,025,000     0.099s
           kmeans_csr[5]: raw       42,528,818  reported       2,126,440     0.000s
        kmeans_update[5]: raw    1,765,764,352  reported      88,288,217     0.001s
        kmeans_assign[6]: raw  336,400,500,000  reported  16,820,025,000     0.099s
           kmeans_csr[6]: raw       42,528,818  reported       2,126,440     0.000s
        kmeans_update[6]: raw    1,765,872,896  reported      88,293,644     0.001s
        kmeans_assign[7]: raw  336,400,500,000  reported  16,820,025,000     0.099s
           kmeans_csr[7]: raw       42,528,818  reported       2,126,440     0.000s
        kmeans_update[7]: raw    1,765,637,632  reported      88,281,881     0.001s
        kmeans_assign[8]: raw  336,400,500,000  reported  16,820,025,000     0.099s
           kmeans_csr[8]: raw       42,528,818  reported       2,126,440     0.000s
        kmeans_update[8]: raw    1,765,900,800  reported      88,295,040     0.001s
        kmeans_assign[9]: raw  336,400,500,000  reported  16,820,025,000     0.099s
           kmeans_csr[9]: raw       42,528,818  reported       2,126,440     0.000s
        kmeans_update[9]: raw    1,766,136,576  reported      88,306,828     0.001s
       kmeans_assign[10]: raw  336,400,500,000  reported  16,820,025,000     0.099s
          kmeans_csr[10]: raw       42,528,818  reported       2,126,440     0.000s
       kmeans_update[10]: raw    1,765,801,472  reported      88,290,073     0.001s
       kmeans_assign[11]: raw  336,400,500,000  reported  16,820,025,000     0.099s
          kmeans_csr[11]: raw       42,528,818  reported       2,126,440     0.000s
       kmeans_update[11]: raw    1,765,669,120  reported      88,283,456     0.001s
       kmeans_assign[12]: raw  336,400,500,000  reported  16,820,025,000     0.099s
          kmeans_csr[12]: raw       42,528,818  reported       2,126,440     0.000s
       kmeans_update[12]: raw    1,765,825,280  reported      88,291,264     0.001s
       kmeans_assign[13]: raw  336,400,500,000  reported  16,820,025,000     0.099s
          kmeans_csr[13]: raw       42,528,818  reported       2,126,440     0.000s
       kmeans_update[13]: raw    1,765,682,176  reported      88,284,108     0.001s
       kmeans_assign[14]: raw  336,400,500,000  reported  16,820,025,000     0.099s
          kmeans_csr[14]: raw       42,528,818  reported       2,126,440     0.000s
       kmeans_update[14]: raw    1,765,766,144  reported      88,288,307     0.001s
       kmeans_assign[15]: raw  336,400,500,000  reported  16,820,025,000     0.099s
          kmeans_csr[15]: raw       42,528,818  reported       2,126,440     0.000s
       kmeans_update[15]: raw    1,765,749,760  reported      88,287,488     0.001s
       kmeans_assign[16]: raw  336,400,500,000  reported  16,820,025,000     0.099s
          kmeans_csr[16]: raw       42,528,818  reported       2,126,440     0.000s
       kmeans_update[16]: raw    1,766,064,384  reported      88,303,219     0.001s
       kmeans_assign[17]: raw  336,400,500,000  reported  16,820,025,000     0.099s
          kmeans_csr[17]: raw       42,528,818  reported       2,126,440     0.000s
       kmeans_update[17]: raw    1,765,546,752  reported      88,277,337     0.001s
       kmeans_assign[18]: raw  336,400,500,000  reported  16,820,025,000     0.099s
          kmeans_csr[18]: raw       42,528,818  reported       2,126,440     0.000s
       kmeans_update[18]: raw    1,765,370,880  reported      88,268,544     0.001s
       kmeans_assign[19]: raw  336,400,500,000  reported  16,820,025,000     0.099s
          kmeans_csr[19]: raw       42,528,818  reported       2,126,440     0.000s
       kmeans_update[19]: raw    1,765,584,640  reported      88,279,232     0.001s
            final_assign: raw  672,801,000,000  reported  33,640,050,000     0.199s
               final_csr: raw       85,047,858  reported       4,252,392     0.001s
                  gather: raw    6,267,048,960  reported     313,352,448     0.074s
sanity: {'counts_sum': 500000, 'n': 500000, 'offsets_last': 500000, 'empty_lists': 0, 'max_list': 1406, 'min_list': 42, 'assign_check_sample': 512, 'assign_check_mismatches': 0}
TOTAL reported fuel 372,167,184,152 in 2.31s (1.624e+11 reported fuel/s)
wrote docs/results/index-build-fuel/sift_n500000_nlist1024.json
